[www.buildinamsterdam.com/index.html]
[backblue.gif]
[fade.gif]
[index.html]
[a.storyblok.com/f/158533/1200x630/5385287cec/seo.jpg]
[www.buildinamsterdam.com/favicon/apple-touch-icon.png]
[www.buildinamsterdam.com/favicon/favicon-32x32.png]
[www.buildinamsterdam.com/favicon/favicon-16x16.png]
[www.buildinamsterdam.com/site.webmanifest]
[www.buildinamsterdam.com/_next/static/css/86288dab7132f035.css]
[www.buildinamsterdam.com/_next/static/chunks/polyfills-c67a75d1b6f99dc8.js]
[www.buildinamsterdam.com/_next/static/chunks/webpack-4bfea7e49635e871.js]
[www.buildinamsterdam.com/_next/static/chunks/framework-4556c45dd113b893.js]
[www.buildinamsterdam.com/_next/static/chunks/main-ab6aa88b8b44ae61.js]
[www.buildinamsterdam.com/_next/static/chunks/pages/_app-46a011c1371079ba.js]
[www.buildinamsterdam.com/_next/static/chunks/423-04798f16f2c16203.js]
[www.buildinamsterdam.com/_next/static/chunks/611-e68924876556ed9f.js]
[www.buildinamsterdam.com/_next/static/chunks/866-c15d99b47a64992f.js]
[www.buildinamsterdam.com/_next/static/chunks/176-557fe0bb7410b795.js]
[www.buildinamsterdam.com/_next/static/chunks/pages/index-7918f7186406bdaa.js]
[www.buildinamsterdam.com/_next/static/jNZOmX0AGKsxRTDs6X80a/_buildManifest.js]
[www.buildinamsterdam.com/_next/static/jNZOmX0AGKsxRTDs6X80a/_ssgManifest.js]
[www.buildinamsterdam.com/about.html]
[www.buildinamsterdam.com/case/land-of-ride.html]
[www.buildinamsterdam.com/_next/land-of-ride-99308.jpg]
[www.buildinamsterdam.com/case/mammut.html]
[www.buildinamsterdam.com/_next/skiing_zermatt_fw20-21_0501_c-1-1-scaled71a4.jpg]
[www.buildinamsterdam.com/case/foam-talent-2021.html]
[www.buildinamsterdam.com/_next/ghost-island-squoosh_h-suriel10_zoomedfa38.jpg]
[www.buildinamsterdam.com/case/expedition-baikal.html]
[www.buildinamsterdam.com/_next/new_mammut_small-scaledb1ce.jpg]
[www.buildinamsterdam.com/case/moooi.html]
[www.buildinamsterdam.com/_next/moooi-button1399.jpg]
[www.buildinamsterdam.com/case/secrid.html]
[www.buildinamsterdam.com/_next/test23fb.jpg]
[www.buildinamsterdam.com/case/abel-vita-odor.html]
[www.buildinamsterdam.com/_next/abel-nori62e5.jpg]
[www.buildinamsterdam.com/case/mollie.html]
[www.buildinamsterdam.com/_next/mollie-case-headerbaf0.jpg]
[www.buildinamsterdam.com/case/vitra.html]
[www.buildinamsterdam.com/_next/125155.jpg]
[www.buildinamsterdam.com/case/vitra-gift-finder.html]
[www.buildinamsterdam.com/_next/coverb90f.jpg]
[www.buildinamsterdam.com/case/suitsupply.html]
[www.buildinamsterdam.com/_next/suitsupply_hero-image_campaign-ss222ffd.jpg]
[www.buildinamsterdam.com/case/moooi-webar.html]
[www.buildinamsterdam.com/_next/moooi-andres0a65.jpg]
[www.buildinamsterdam.com/case/foam-talent-2020.html]
[www.buildinamsterdam.com/_next/micha-5_70x46-73cm_cmyk_smalld08c.jpg]
[www.buildinamsterdam.com/case/foam-platform.html]
[www.buildinamsterdam.com/_next/foam-mous-lamrabat-loft-art-galleryf39f.jpg]
[www.buildinamsterdam.com/case/adidas.html]
[www.buildinamsterdam.com/_next/adidas-prada444b.jpg]
[www.buildinamsterdam.com/case/coquille-chair.html]
[www.buildinamsterdam.com/_next/coquille-chair-solo-powerhouse-company-x-lensveltfc13.jpg]
[www.buildinamsterdam.com/case/powerhouse-company.html]
[www.buildinamsterdam.com/_next/desktop_cover_powerhouse1542.jpg]
[www.buildinamsterdam.com/_next/mobile_cover_powerhouse11be.jpg]
[www.buildinamsterdam.com/case/stellar-development.html]
[www.buildinamsterdam.com/_next/49889.jpg]
[www.buildinamsterdam.com/index.html]
[www.buildinamsterdam.com/fonts/RecklessNeue-Book.woff2]
[www.buildinamsterdam.com/fonts/RecklessNeue-Book.woff]
[www.buildinamsterdam.com/fonts/RecklessNeue-BookItalic.woff2]
[www.buildinamsterdam.com/fonts/RecklessNeue-BookItalic.woff]
[www.buildinamsterdam.com/fonts/NeueHaasGrotesk-Medium.woff2]
[www.buildinamsterdam.com/fonts/NeueHaasGrotesk-Medium.woff]
[www.buildinamsterdam.com/fonts/NeueHaasGrotesk-Roman.woff2]
[www.buildinamsterdam.com/fonts/NeueHaasGrotesk-Roman.woff]
[www.buildinamsterdam.com/_next/static/css/86288dab7132f035.css]
[a.storyblok.com/f/158533/1420x752/ac18f86066/about-desktop.jpg]
[www.buildinamsterdam.com/_next/static/chunks/pages/[pageSlug]-76c2b7866e2ed258.js]
[www.buildinamsterdam.com/_next/pic1d2f7.jpg]
[www.buildinamsterdam.com/_next/photo269eb.jpg]
[www.buildinamsterdam.com/_next/pic2b4e0.jpg]
[www.buildinamsterdam.com/_next/simon3761.jpg]
[www.buildinamsterdam.com/services/strategy.html]
[www.buildinamsterdam.com/services/branding.html]
[www.buildinamsterdam.com/services/e-commerce.html]
[www.buildinamsterdam.com/_next/mammut-services-imageb151.jpg]
[www.buildinamsterdam.com/_next/moooieb15.jpg]
[www.buildinamsterdam.com/_next/suitsupplye3f9.jpg]
[www.buildinamsterdam.com/join-us.html]
[www.buildinamsterdam.com/about.html]
[www.buildinamsterdam.com/contact.html]
[www.buildinamsterdam.com/_next/static/chunks/pages/case/[caseSlug]-1c2636aed1a99c9c.js]
[www.buildinamsterdam.com/_next/land-of-rideb20e.jpg]
[www.buildinamsterdam.com/_next/land-of-ride2e0c.jpg]
[www.buildinamsterdam.com/_next/land-of-ride27e9.jpg]
[www.buildinamsterdam.com/_next/land-of-ride-7ee75.jpg]
[www.buildinamsterdam.com/_next/land-of-ride-62d7f.jpg]
[www.buildinamsterdam.com/_next/land-of-ride-2b3a7.jpg]
[www.buildinamsterdam.com/_next/land-of-ride-43e94.jpg]
[www.buildinamsterdam.com/_next/12384f4.jpg]
[www.buildinamsterdam.com/_next/image-6845d40.jpg]
[www.buildinamsterdam.com/case/land-of-ride.html]
[www.buildinamsterdam.com/case/studio-job.html]
[www.buildinamsterdam.com/_next/mammut-site-overview-screenshots-desktopda0d.png]
[www.buildinamsterdam.com/_next/mammut-site-overview-screenshots-mobile7825.png]
[www.buildinamsterdam.com/_next/temporary-design-system-desktop5b4b.png]
[www.buildinamsterdam.com/_next/design-system-overview-mobile1bcc.png]
[www.buildinamsterdam.com/_next/ghost-boooooo518d.png]
[www.buildinamsterdam.com/_next/mammut-plp-mobile-01a8cc.png]
[www.buildinamsterdam.com/_next/weather-effect664f.gif]
[www.buildinamsterdam.com/_next/mammut-plp-mobile22fb.png]
[www.buildinamsterdam.com/_next/mammut-plp-mobile-0329b5.png]
[www.buildinamsterdam.com/_next/mammut-temporary-laliste-timelapse-frameea23.png]
[www.buildinamsterdam.com/_next/mammut-hiking-campaing-desktopbce8.jpg]
[www.buildinamsterdam.com/_next/mammut-hiking-campaing-mobile68df.jpg]
[www.buildinamsterdam.com/case/mammut.html]
[www.buildinamsterdam.com/_next/foam-talent-2021-cover45cc.jpg]
[www.buildinamsterdam.com/_next/foam-talent-overview0d56.jpg]
[www.buildinamsterdam.com/_next/foam-talent-ui-mobilee124.jpg]
[www.buildinamsterdam.com/_next/talent-foam-48b31.jpg]
[www.buildinamsterdam.com/_next/talent-foam-30fc0.jpg]
[www.buildinamsterdam.com/_next/talent-foam-5-bg1909.jpg]
[www.buildinamsterdam.com/_next/talent-foam-5c6a5.jpg]
[www.buildinamsterdam.com/_next/foam-talent-ui6028.jpg]
[www.buildinamsterdam.com/_next/website-in-museumf472.jpg]
[www.buildinamsterdam.com/case/foam-talent-2021.html]
[www.buildinamsterdam.com/_next/eiger-extreme-experiencebaec.png]
[www.buildinamsterdam.com/_next/eiger-extreme-screenshots-overview1a21.png]
[www.buildinamsterdam.com/_next/watch-expedition-baikal-mammut0215.png]
[www.buildinamsterdam.com/case/expedition-baikal.html]
[www.buildinamsterdam.com/_next/moooi-platform-overview86f8.jpg]
[www.buildinamsterdam.com/_next/moooi-platform-mobilec782.jpg]
[www.buildinamsterdam.com/_next/moooi-winterebc7.jpg]
[www.buildinamsterdam.com/_next/moooi-heracleume809.jpg]
[www.buildinamsterdam.com/_next/moooi-marcel-wanders-sketchbookd56b.jpg]
[www.buildinamsterdam.com/_next/moooi-overview9144.jpg]
[www.buildinamsterdam.com/_next/web-header-brand-campaign-323f80c.jpg]
[www.buildinamsterdam.com/_next/moooi-search-desktop0ed2.png]
[www.buildinamsterdam.com/_next/moooi-milan-2019e9c4.jpg]
[www.buildinamsterdam.com/_next/moooi-store21d2.jpg]
[www.buildinamsterdam.com/_next/moooi-moodboarde203.jpg]
[www.buildinamsterdam.com/_next/fp_header_desktop9893.jpg]
[www.buildinamsterdam.com/_next/fp_header_mobile6ba1.jpg]
[www.buildinamsterdam.com/case/moooi.html]
[www.buildinamsterdam.com/case/flying-papers.html]
[www.buildinamsterdam.com/_next/media-img-gif-or-video00ac.jpg]
[www.buildinamsterdam.com/_next/secrid-857ab.jpg]
[www.buildinamsterdam.com/_next/image-1111431bc3a.jpg]
[www.buildinamsterdam.com/_next/secrid-491d0.jpg]
[www.buildinamsterdam.com/_next/secrid-3dd95.jpg]
[www.buildinamsterdam.com/_next/secrid-575b3.jpg]
[www.buildinamsterdam.com/_next/mobile-secrid-design3077.jpg]
[www.buildinamsterdam.com/_next/iphone-8-20d869.jpg]
[www.buildinamsterdam.com/_next/iphone-8-17c3ee.jpg]
[www.buildinamsterdam.com/_next/secrid-746e9.jpg]
[www.buildinamsterdam.com/_next/123-1c473.jpg]
[www.buildinamsterdam.com/_next/group-8450789959d4a.jpg]
[www.buildinamsterdam.com/case/secrid.html]
[www.buildinamsterdam.com/_next/abel-shop-desktop4f9b.jpg]
[www.buildinamsterdam.com/_next/abel-home_grey_bottle4bda.jpg]
[www.buildinamsterdam.com/_next/abel-shop-mobile4b56.jpg]
[www.buildinamsterdam.com/_next/abel-nurture9683.jpg]
[www.buildinamsterdam.com/_next/abel-odor-fabriekb942.jpg]
[www.buildinamsterdam.com/case/abel-vita-odor.html]
[www.buildinamsterdam.com/_next/mollie_desktop_overview8869.jpg]
[www.buildinamsterdam.com/_next/mollie_mobile_overview06f3.jpg]
[www.buildinamsterdam.com/_next/postermockup04cc.jpg]
[www.buildinamsterdam.com/_next/mollie_mobile_billboard7388.jpg]
[www.buildinamsterdam.com/_next/mollie_desktop_billboard94fe.jpg]
[www.buildinamsterdam.com/_next/mollie_mobile_billboard3ea7.jpg]
[www.buildinamsterdam.com/_next/mollie_desktop_editorial20f1.jpg]
[www.buildinamsterdam.com/_next/mollie_mobile_books188c.jpg]
[www.buildinamsterdam.com/_next/mollie_desktop_patch-overview68cd.jpg]
[www.buildinamsterdam.com/_next/mollie_mobile_patch-overview620a.jpg]
[www.buildinamsterdam.com/_next/mollie_desktop_web-overviewd51b.jpg]
[www.buildinamsterdam.com/_next/mollie_mobile_web-overviewee9e.jpg]
[www.buildinamsterdam.com/_next/mollie_website_mobile-design7092.jpg]
[www.buildinamsterdam.com/_next/mollie_desktop_brand-guideline7849.jpg]
[www.buildinamsterdam.com/_next/mollie_mobile_brand-guideline0041.jpg]
[www.buildinamsterdam.com/case/mollie.html]
[www.buildinamsterdam.com/_next/vitra-chair-finder-pages-overview-02830c.jpg]
[www.buildinamsterdam.com/_next/compare-pageb3db.jpg]
[www.buildinamsterdam.com/_next/39331869_auto_x2-10e2f.jpg]
[www.buildinamsterdam.com/_next/group-8450798198e55.jpg]
[www.buildinamsterdam.com/_next/ar-tool6f7b.jpg]
[www.buildinamsterdam.com/_next/vitra-physix9d27.jpg]
[www.buildinamsterdam.com/_next/chairfinder-grid9c30.jpg]
[www.buildinamsterdam.com/_next/chairgrid-interfaced0e8.jpg]
[www.buildinamsterdam.com/_next/chair-hangtagda68.jpg]
[www.buildinamsterdam.com/_next/reverse-chairfinder-introf26d.jpg]
[www.buildinamsterdam.com/case/vitra.html]
[www.buildinamsterdam.com/_next/page-overview2f56.jpg]
[www.buildinamsterdam.com/_next/desktop-filteree9d.jpg]
[www.buildinamsterdam.com/_next/thegrid3f17.jpg]
[www.buildinamsterdam.com/_next/thegrid_mobileea01.jpg]
[www.buildinamsterdam.com/_next/pdp_column_blackf481.png]
[www.buildinamsterdam.com/_next/pdp_column_white795e.png]
[www.buildinamsterdam.com/case/vitra-gift-finder.html]
[www.buildinamsterdam.com/_next/02-2d1f5.jpg]
[www.buildinamsterdam.com/_next/suitsupply_mobile_overviewa4c8.jpg]
[www.buildinamsterdam.com/_next/suitsupply_website-overview5451.jpg]
[www.buildinamsterdam.com/_next/suitsupply_mobile_web_e-commercef96d.jpg]
[www.buildinamsterdam.com/_next/suitsupply_look-builder_looks215e.jpg]
[www.buildinamsterdam.com/_next/suitsupply_mobile_look-builder_looksadb7.jpg]
[www.buildinamsterdam.com/_next/size-passport_01fdcb.png]
[www.buildinamsterdam.com/_next/suitsupply_mobile_size-passport_overview54af.jpg]
[www.buildinamsterdam.com/_next/suitsupply_desktop_booking-tool_style-advisord70e.jpg]
[www.buildinamsterdam.com/_next/suitsupply_mobile_booking-tool_style-advisord9db.jpg]
[www.buildinamsterdam.com/_next/suitsupply_journals-overviewd6ea.jpg]
[www.buildinamsterdam.com/_next/suitsupply_mobile_journals-overview5eed.jpg]
[www.buildinamsterdam.com/_next/suitsupply_social_ig-overview284d.jpg]
[www.buildinamsterdam.com/_next/suitsupply_instagram-overview2d95.jpg]
[www.buildinamsterdam.com/_next/suitsupply_design-system_image7f9d.jpg]
[www.buildinamsterdam.com/case/suitsupply.html]
[www.buildinamsterdam.com/_next/moooi-ar-overviewce4c.jpg]
[www.buildinamsterdam.com/_next/moooi-ar-interior-mood2234.jpg]
[www.buildinamsterdam.com/_next/moooi-ar-overview942d.jpg]
[www.buildinamsterdam.com/_next/moooi-spotify0df4.jpg]
[www.buildinamsterdam.com/_next/moooi-spotify-mobile69e6.jpg]
[www.buildinamsterdam.com/_next/moooi-ar-milanc9d1.jpg]
[www.buildinamsterdam.com/case/moooi-webar.html]
[www.buildinamsterdam.com/_next/foam-talent-2020-exhibition-spacebd5b.jpg]
[www.buildinamsterdam.com/_next/foam-2020-overview9ee5.jpg]
[www.buildinamsterdam.com/_next/foam-talent-2020-cover8300.jpg]
[www.buildinamsterdam.com/_next/foam-talent-2020-mirjam-redlotus_15_red-lotus_darka8dd.jpg]
[www.buildinamsterdam.com/_next/foam-talent-2020-cover0a17.png]
[www.buildinamsterdam.com/_next/foam-talent-2020-alba-zariaf63.jpg]
[www.buildinamsterdam.com/_next/foam-talent-2020-cover-2e9d2.png]
[www.buildinamsterdam.com/_next/foam-talent-2020-micha6627.jpg]
[www.buildinamsterdam.com/_next/foam-talent-2020-cover-3bd13.png]
[www.buildinamsterdam.com/_next/foam-talent-2020-covers949a.jpg]
[www.buildinamsterdam.com/_next/foam-talent-2020-exhibition-space-2acb5.jpg]
[www.buildinamsterdam.com/_next/foam-talent-2020-exhibition-space0590.jpg]
[www.buildinamsterdam.com/case/foam-talent-2020.html]
[www.buildinamsterdam.com/_next/foam-museum-entrance20b7.jpg]
[www.buildinamsterdam.com/_next/foam-overviewc821.jpg]
[www.buildinamsterdam.com/_next/mous-lamrabat-blessings-from-mousganistan2ebc.jpg]
[www.buildinamsterdam.com/_next/foam-menub663.jpg]
[www.buildinamsterdam.com/_next/foam-imagesa34b.jpg]
[www.buildinamsterdam.com/_next/foam-platform-exhibitioncc69.jpg]
[www.buildinamsterdam.com/_next/foam-double-portrait-van-cemre-yesil451d.jpg]
[www.buildinamsterdam.com/_next/foam-connections0af5.jpg]
[www.buildinamsterdam.com/_next/foam-bg2c38.jpg]
[www.buildinamsterdam.com/_next/foam-programme3277.png]
[www.buildinamsterdam.com/_next/foam-programmecee2.png]
[www.buildinamsterdam.com/_next/3000x1800_sanne_sannes__4___2009__copy__maarten_brinkgreve_-__foam32e5.jpg]
[www.buildinamsterdam.com/case/foam-platform.html]
[www.buildinamsterdam.com/_next/adidas-system2511.jpg]
[www.buildinamsterdam.com/_next/adidas-overview-mobile956a.jpg]
[www.buildinamsterdam.com/_next/adidas-theming062b.jpg]
[www.buildinamsterdam.com/case/adidas.html]
[www.buildinamsterdam.com/_next/powerhouse-company-coquille-chair-09e3a8.jpg]
[www.buildinamsterdam.com/_next/2_3d-coquille-chairdfbf.jpg]
[www.buildinamsterdam.com/_next/1coquille-chair1c68.jpg]
[www.buildinamsterdam.com/_next/3coquille-chair18e6.jpg]
[www.buildinamsterdam.com/_next/10_extra-coquille-chair03a0.jpg]
[www.buildinamsterdam.com/_next/6_3d-coquille-chair0b98.jpg]
[www.buildinamsterdam.com/_next/7_horizontaal-coquille-chair9e0e.jpg]
[www.buildinamsterdam.com/_next/8_3d-coquille-chair1274.jpg]
[www.buildinamsterdam.com/_next/11_extra-coquille-chair7a6e.jpg]
[www.buildinamsterdam.com/_next/9_horizontaal-coquille-chair506b.jpg]
[www.buildinamsterdam.com/case/coquille-chair.html]
[www.buildinamsterdam.com/_next/102c1c.jpg]
[www.buildinamsterdam.com/_next/02_mobile_powerhouse-209d6.jpg]
[www.buildinamsterdam.com/_next/031d86.jpg]
[www.buildinamsterdam.com/_next/powerhouse-team-materials-overview0380.gif]
[www.buildinamsterdam.com/_next/chat-desktopfc32.png]
[www.buildinamsterdam.com/_next/chat12838.png]
[www.buildinamsterdam.com/_next/villab675c.jpg]
[www.buildinamsterdam.com/_next/group-23615ae.png]
[www.buildinamsterdam.com/case/powerhouse-company.html]
[www.buildinamsterdam.com/_next/s-6b8e5.jpg]
[www.buildinamsterdam.com/_next/1231233da1.jpg]
[www.buildinamsterdam.com/_next/article-0-13147293000005dc-169_964x635-copy-153ec.jpg]
[www.buildinamsterdam.com/_next/s-26ecc.jpg]
[www.buildinamsterdam.com/_next/s-3f597.jpg]
[www.buildinamsterdam.com/_next/s-452e6.jpg]
[www.buildinamsterdam.com/_next/s-1f4bd.jpg]
[www.buildinamsterdam.com/_next/sf598.jpg]
[www.buildinamsterdam.com/_next/s-50f5c.jpg]
[www.buildinamsterdam.com/_next/ja7727.jpg]
[www.buildinamsterdam.com/_next/s-73779.jpg]
[www.buildinamsterdam.com/_next/dsc00862-copy-2-16f1d.jpg]
[www.buildinamsterdam.com/_next/s63e1.jpg]
[www.buildinamsterdam.com/_next/s80fe.jpg]
[www.buildinamsterdam.com/_next/secrid0a64.jpg]
[www.buildinamsterdam.com/_next/secrid-1a56f.jpg]
[www.buildinamsterdam.com/_next/secrid-1df4c.jpg]
[www.buildinamsterdam.com/case/stellar-development.html]
[www.buildinamsterdam.com/services/strategy.html]
[www.buildinamsterdam.com/services/branding.html]
[www.buildinamsterdam.com/services/e-commerce.html]
[www.buildinamsterdam.com/_next/static/chunks/pages/services/[serviceSlug]-766153ecf360741a.js]
[a.storyblok.com/f/158533/1420x752/70783da9c4/joinus-desktop.jpg]
[www.buildinamsterdam.com/join-us.html]
[a.storyblok.com/f/158533/1420x752/f6a717e4fb/contactus-desktop.jpg]
[www.buildinamsterdam.com/_next/static/chunks/pages/contact-559cad54af17702b.js]
[www.buildinamsterdam.com/_next/photo14eec.jpg]
[www.buildinamsterdam.com/_next/photo3bd5a.jpg]
[www.buildinamsterdam.com/_next/kitchen-view7bc4.jpg]
[www.buildinamsterdam.com/_next/stacia-officeceaf.jpg]
[www.buildinamsterdam.com/contact.html]
[www.buildinamsterdam.com/_next/image-11117483c8d.jpg]
[www.buildinamsterdam.com/_next/frame-84507760898d9.jpg]
[www.buildinamsterdam.com/_next/frame-8450776118343.jpg]
[www.buildinamsterdam.com/_next/frame-8450776091306.jpg]
[www.buildinamsterdam.com/_next/1238f22.jpg]
[www.buildinamsterdam.com/_next/image-68608f9.jpg]
[www.buildinamsterdam.com/_next/frame-78787689.jpg]
[www.buildinamsterdam.com/_next/frame-8450776124795.jpg]
[www.buildinamsterdam.com/case/studio-job.html]
[a.storyblok.com/f/158533/3000x1690/1fc482c386/moooi-platform-overview.jpg]
[a.storyblok.com/f/158533/1500x900/d72c9a6280/fp_header_desktop.jpg]
[www.buildinamsterdam.com/_next/02_fp_intro_desktop_02477c.jpg]
[www.buildinamsterdam.com/_next/02_fp_intro_mobile_025114.jpg]
[www.buildinamsterdam.com/_next/04_fp_illustration_desktop1c04.jpg]
[www.buildinamsterdam.com/_next/04_fp_illustration_mobilee51b.jpg]
[www.buildinamsterdam.com/_next/05_fp_scenario_desktop3f69.jpg]
[www.buildinamsterdam.com/_next/05_fp_scenario_mobile8f58.jpg]
[www.buildinamsterdam.com/_next/06_fp_ui_desktop_0296eb.jpg]
[www.buildinamsterdam.com/_next/06_fp_ui_mobile_02f05c.jpg]
[www.buildinamsterdam.com/_next/12_fp_merch_desktopa6a3.jpg]
[www.buildinamsterdam.com/_next/12_fp_merch_mobile7db9.jpg]
[www.buildinamsterdam.com/case/flying-papers.html]
